// Jest Snapshot v1, https://goo.gl/fbAQLP

exports[`TheFooter.vue renders 1`] = `
<footer
  class="footer"
>
  <div
    class="container"
  >
    <div
      class="content"
    >
      
            footerTitle
            
      <span
        class="separator"
      />
       
      <span
        class="is-inline-block"
      >
        
            footerCopyright
            
      </span>
       
      <span
        class="separator"
      />
       
      <a
        class="is-inline-block has-text-weight-semibold"
      >
        
            ballotTracking
            
      </a>
       
      <span
        class="separator"
      />
       
      <a
        class="is-inline-block has-text-weight-semibold"
      >
        
            electionResults
            
      </a>
       
      <span
        class="separator"
      />
       
      <languagetoggle-stub />
    </div>
  </div>
</footer>
`;
