// Jest Snapshot v1, https://goo.gl/fbAQLP

exports[`TheHeader.vue renders 1`] = `
<header
  class="header"
>
  <div
    class="container"
  >
    <div
      class="is-flex"
    >
      <img
        alt="logoAltText"
        class="election-logo"
        src="/logo.png"
      />
       
      <span
        class="title"
      >
        Page Title
      </span>
    </div>
  </div>
</header>
`;
